// Jest Snapshot v1, https://goo.gl/fbAQLP

exports[`<HomePage /> should render and match the snapshot 1`] = `
<div>
  <h1
    class="H1-tncdg6-0 gNmgOQ"
  >
    <span>
      What Would You Like To Do?
    </span>
  </h1>
  <div
    class="Wrapper-sc-1umgotm-0 kPmOOE"
  >
    <ul
      class="Ul-mwnq6h-0 cbNGBL"
    >
      <li
        class="Wrapper-uulbip-0 cxfpqH"
      >
        <a
          class="Item-sc-50t3dd-0 gOsvcT"
          href="/strings"
        >
          See the Strings
        </a>
      </li>
      <li
        class="Wrapper-uulbip-0 cxfpqH"
      >
        <a
          class="Item-sc-50t3dd-0 gOsvcT"
          href="/add"
        >
          Add a String
        </a>
      </li>
    </ul>
  </div>
</div>
`;
